超时任务开始66940-2021-12-23 14:01:51
超时任务开始59864-2021-12-23 14:09:00
正常任务开始71876-2021-12-23 14:11:25
正常任务结束718762021-12-23 14:11:45异常任务开始87055-2021-12-23 14:14:25
异常任务开始87055-2021-12-23 14:14:29
异常任务开始87055-2021-12-23 14:14:33
正常任务开始56548-2021-12-23 14:23:56
正常任务开始21528-2021-12-23 14:24:23
正常任务结束215282021-12-23 14:24:43正常任务开始76503-2021-12-23 14:28:35
正常任务结束765032021-12-23 14:28:55正常任务开始78907-2021-12-23 14:29:30
